[0.115s] DEBUG:colcon:Command line arguments: ['/usr/bin/colcon', 'build', '--symlink-install']
[0.115s] DEBUG:colcon:Parsed command line arguments: Namespace(log_base=None, log_level=None, verb_name='build', build_base='build', install_base='install', merge_install=False, symlink_install=True, test_result_base=None, continue_on_error=False, executor='parallel', parallel_workers=8, event_handlers=None, ignore_user_meta=False, metas=['./colcon.meta'], base_paths=['.'], packages_ignore=None, packages_ignore_regex=None, paths=None, packages_up_to=None, packages_up_to_regex=None, packages_above=None, packages_above_and_dependencies=None, packages_above_depth=None, packages_select_by_dep=None, packages_skip_by_dep=None, packages_skip_up_to=None, packages_select_build_failed=False, packages_skip_build_finished=False, packages_select_test_failures=False, packages_skip_test_passed=False, packages_select=None, packages_skip=None, packages_select_regex=None, packages_skip_regex=None, packages_start=None, packages_end=None, allow_overriding=[], cmake_args=None, cmake_target=None, cmake_target_skip_unavailable=False, cmake_clean_cache=False, cmake_clean_first=False, cmake_force_configure=False, ament_cmake_args=None, catkin_cmake_args=None, catkin_skip_building_tests=False, mixin_files=None, mixin=None, verb_parser=<colcon_mixin.mixin.mixin_argument.MixinArgumentDecorator object at 0x7061872acda0>, verb_extension=<colcon_core.verb.build.BuildVerb object at 0x7061873d0ce0>, main=<bound method BuildVerb.main of <colcon_core.verb.build.BuildVerb object at 0x7061873d0ce0>>, mixin_verb=('build',))
[0.157s] Level 1:colcon.colcon_core.package_discovery:discover_packages(colcon_meta) check parameters
[0.157s] Level 1:colcon.colcon_core.package_discovery:discover_packages(recursive) check parameters
[0.157s] Level 1:colcon.colcon_core.package_discovery:discover_packages(ignore) check parameters
[0.157s] Level 1:colcon.colcon_core.package_discovery:discover_packages(path) check parameters
[0.157s] Level 1:colcon.colcon_core.package_discovery:discover_packages(colcon_meta) discover
[0.157s] Level 1:colcon.colcon_core.package_discovery:discover_packages(recursive) discover
[0.157s] INFO:colcon.colcon_core.package_discovery:Crawling recursively for packages in '/home/ty/ARS_Project/ars_ws'
[0.157s] Level 1:colcon.colcon_core.package_identification:_identify(.) by extensions ['ignore', 'ignore_ament_install']
[0.157s] Level 1:colcon.colcon_core.package_identification:_identify(.) by extension 'ignore'
[0.157s] Level 1:colcon.colcon_core.package_identification:_identify(.) by extension 'ignore_ament_install'
[0.157s] Level 1:colcon.colcon_core.package_identification:_identify(.) by extensions ['colcon_pkg']
[0.158s] Level 1:colcon.colcon_core.package_identification:_identify(.) by extension 'colcon_pkg'
[0.158s] Level 1:colcon.colcon_core.package_identification:_identify(.) by extensions ['colcon_meta']
[0.158s] Level 1:colcon.colcon_core.package_identification:_identify(.) by extension 'colcon_meta'
[0.158s] Level 1:colcon.colcon_core.package_identification:_identify(.) by extensions ['ros']
[0.158s] Level 1:colcon.colcon_core.package_identification:_identify(.) by extension 'ros'
[0.186s] Level 1:colcon.colcon_core.package_identification:_identify(.) by extensions ['cmake', 'python']
[0.186s] Level 1:colcon.colcon_core.package_identification:_identify(.) by extension 'cmake'
[0.186s] Level 1:colcon.colcon_core.package_identification:_identify(.) by extension 'python'
[0.186s] Level 1:colcon.colcon_core.package_identification:_identify(.) by extensions ['python_setup_py']
[0.186s] Level 1:colcon.colcon_core.package_identification:_identify(.) by extension 'python_setup_py'
[0.186s] Level 1:colcon.colcon_core.package_identification:_identify(build) by extensions ['ignore', 'ignore_ament_install']
[0.187s] Level 1:colcon.colcon_core.package_identification:_identify(build) by extension 'ignore'
[0.187s] Level 1:colcon.colcon_core.package_identification:_identify(build) ignored
[0.187s] Level 1:colcon.colcon_core.package_identification:_identify(install) by extensions ['ignore', 'ignore_ament_install']
[0.187s] Level 1:colcon.colcon_core.package_identification:_identify(install) by extension 'ignore'
[0.187s] Level 1:colcon.colcon_core.package_identification:_identify(install) ignored
[0.187s] Level 1:colcon.colcon_core.package_identification:_identify(log) by extensions ['ignore', 'ignore_ament_install']
[0.187s] Level 1:colcon.colcon_core.package_identification:_identify(log) by extension 'ignore'
[0.187s] Level 1:colcon.colcon_core.package_identification:_identify(log) ignored
[0.187s] Level 1:colcon.colcon_core.package_identification:_identify(src) by extensions ['ignore', 'ignore_ament_install']
[0.187s] Level 1:colcon.colcon_core.package_identification:_identify(src) by extension 'ignore'
[0.187s] Level 1:colcon.colcon_core.package_identification:_identify(src) by extension 'ignore_ament_install'
[0.187s] Level 1:colcon.colcon_core.package_identification:_identify(src) by extensions ['colcon_pkg']
[0.187s] Level 1:colcon.colcon_core.package_identification:_identify(src) by extension 'colcon_pkg'
[0.187s] Level 1:colcon.colcon_core.package_identification:_identify(src) by extensions ['colcon_meta']
[0.188s] Level 1:colcon.colcon_core.package_identification:_identify(src) by extension 'colcon_meta'
[0.188s] Level 1:colcon.colcon_core.package_identification:_identify(src) by extensions ['ros']
[0.188s] Level 1:colcon.colcon_core.package_identification:_identify(src) by extension 'ros'
[0.188s] Level 1:colcon.colcon_core.package_identification:_identify(src) by extensions ['cmake', 'python']
[0.188s] Level 1:colcon.colcon_core.package_identification:_identify(src) by extension 'cmake'
[0.188s] Level 1:colcon.colcon_core.package_identification:_identify(src) by extension 'python'
[0.188s] Level 1:colcon.colcon_core.package_identification:_identify(src) by extensions ['python_setup_py']
[0.188s] Level 1:colcon.colcon_core.package_identification:_identify(src) by extension 'python_setup_py'
[0.188s] Level 1:colcon.colcon_core.package_identification:_identify(src/ars_base) by extensions ['ignore', 'ignore_ament_install']
[0.188s] Level 1:colcon.colcon_core.package_identification:_identify(src/ars_base) by extension 'ignore'
[0.188s] Level 1:colcon.colcon_core.package_identification:_identify(src/ars_base) by extension 'ignore_ament_install'
[0.188s] Level 1:colcon.colcon_core.package_identification:_identify(src/ars_base) by extensions ['colcon_pkg']
[0.188s] Level 1:colcon.colcon_core.package_identification:_identify(src/ars_base) by extension 'colcon_pkg'
[0.188s] Level 1:colcon.colcon_core.package_identification:_identify(src/ars_base) by extensions ['colcon_meta']
[0.188s] Level 1:colcon.colcon_core.package_identification:_identify(src/ars_base) by extension 'colcon_meta'
[0.188s] Level 1:colcon.colcon_core.package_identification:_identify(src/ars_base) by extensions ['ros']
[0.188s] Level 1:colcon.colcon_core.package_identification:_identify(src/ars_base) by extension 'ros'
[0.191s] DEBUG:colcon.colcon_core.package_identification:Package 'src/ars_base' with type 'ros.ament_python' and name 'ars_base'
[0.191s] Level 1:colcon.colcon_core.package_discovery:discover_packages(recursive) using defaults
[0.191s] Level 1:colcon.colcon_core.package_discovery:discover_packages(ignore) discover
[0.191s] Level 1:colcon.colcon_core.package_discovery:discover_packages(ignore) using defaults
[0.191s] Level 1:colcon.colcon_core.package_discovery:discover_packages(path) discover
[0.191s] Level 1:colcon.colcon_core.package_discovery:discover_packages(path) using defaults
[0.210s] Level 1:colcon.colcon_core.package_discovery:discover_packages(prefix_path) check parameters
[0.210s] Level 1:colcon.colcon_core.package_discovery:discover_packages(prefix_path) discover
[0.211s] DEBUG:colcon.colcon_installed_package_information.package_discovery:Found 1 installed packages in /home/ty/ARS_Project/ydlidar_ros2_ws/install
[0.213s] DEBUG:colcon.colcon_installed_package_information.package_discovery:Found 411 installed packages in /opt/ros/jazzy
[0.217s] Level 1:colcon.colcon_core.package_discovery:discover_packages(prefix_path) using defaults
[0.273s] Level 5:colcon.colcon_core.verb:set package 'ars_base' build argument 'cmake_args' from command line to 'None'
[0.273s] Level 5:colcon.colcon_core.verb:set package 'ars_base' build argument 'cmake_target' from command line to 'None'
[0.273s] Level 5:colcon.colcon_core.verb:set package 'ars_base' build argument 'cmake_target_skip_unavailable' from command line to 'False'
[0.273s] Level 5:colcon.colcon_core.verb:set package 'ars_base' build argument 'cmake_clean_cache' from command line to 'False'
[0.273s] Level 5:colcon.colcon_core.verb:set package 'ars_base' build argument 'cmake_clean_first' from command line to 'False'
[0.273s] Level 5:colcon.colcon_core.verb:set package 'ars_base' build argument 'cmake_force_configure' from command line to 'False'
[0.273s] Level 5:colcon.colcon_core.verb:set package 'ars_base' build argument 'ament_cmake_args' from command line to 'None'
[0.273s] Level 5:colcon.colcon_core.verb:set package 'ars_base' build argument 'catkin_cmake_args' from command line to 'None'
[0.273s] Level 5:colcon.colcon_core.verb:set package 'ars_base' build argument 'catkin_skip_building_tests' from command line to 'False'
[0.273s] DEBUG:colcon.colcon_core.verb:Building package 'ars_base' with the following arguments: {'ament_cmake_args': None, 'build_base': '/home/ty/ARS_Project/ars_ws/build/ars_base', 'catkin_cmake_args': None, 'catkin_skip_building_tests': False, 'cmake_args': None, 'cmake_clean_cache': False, 'cmake_clean_first': False, 'cmake_force_configure': False, 'cmake_target': None, 'cmake_target_skip_unavailable': False, 'install_base': '/home/ty/ARS_Project/ars_ws/install/ars_base', 'merge_install': False, 'path': '/home/ty/ARS_Project/ars_ws/src/ars_base', 'symlink_install': True, 'test_result_base': None}
[0.274s] INFO:colcon.colcon_core.executor:Executing jobs using 'parallel' executor
[0.275s] DEBUG:colcon.colcon_parallel_executor.executor.parallel:run_until_complete
[0.275s] INFO:colcon.colcon_ros.task.ament_python.build:Building ROS package in '/home/ty/ARS_Project/ars_ws/src/ars_base' with build type 'ament_python'
[0.275s] Level 1:colcon.colcon_core.shell:create_environment_hook('ars_base', 'ament_prefix_path')
[0.277s] INFO:colcon.colcon_core.plugin_system:Skipping extension 'colcon_core.shell.bat': Not used on non-Windows systems
[0.277s] INFO:colcon.colcon_core.shell:Creating environment hook '/home/ty/ARS_Project/ars_ws/install/ars_base/share/ars_base/hook/ament_prefix_path.ps1'
[0.277s] INFO:colcon.colcon_core.shell:Creating environment descriptor '/home/ty/ARS_Project/ars_ws/install/ars_base/share/ars_base/hook/ament_prefix_path.dsv'
[0.278s] INFO:colcon.colcon_core.shell:Creating environment hook '/home/ty/ARS_Project/ars_ws/install/ars_base/share/ars_base/hook/ament_prefix_path.sh'
[0.278s] INFO:colcon.colcon_core.shell:Skip shell extension 'powershell' for command environment: Not usable outside of PowerShell
[0.278s] DEBUG:colcon.colcon_core.shell:Skip shell extension 'dsv' for command environment
[0.521s] INFO:colcon.colcon_core.task.python.build:Building Python package in '/home/ty/ARS_Project/ars_ws/src/ars_base'
[0.521s] INFO:colcon.colcon_core.shell:Skip shell extension 'powershell' for command environment: Not usable outside of PowerShell
[0.521s] DEBUG:colcon.colcon_core.shell:Skip shell extension 'dsv' for command environment
[1.187s] DEBUG:colcon.colcon_core.task.python.build:Available setuptools commands: alias, init_catalog, compile_catalog, install_scripts, test, sdist, build, install_data, install, bdist_egg, bdist_wheel, install_lib, rotate, check, build_py, install_headers, install_egg_info, dist_info, upload_docs, setopt, editable_wheel, bdist_rpm, saveopts, build_ext, upload, easy_install, update_catalog, extract_messages, develop, build_scripts, bdist_dumb, register, build_clib, egg_info, clean, symlink_data, bdist
[1.559s] DEBUG:colcon.colcon_core.task.python.build:Available setuptools 'develop' options: --dry-run, --zip-ok, --site-dirs, --build-directory, --help, --install-layout, --egg-path, --uninstall, --find-links, --force-installation-into-system-dir, --no-find-links, --no-deps, --always-unzip, --upgrade, --install-dir, --index-url, --version, --local-snapshots-ok, --user, --quiet, --exclude-scripts, --allow-hosts, --multi-version, --record, --verbose, --optimize, --editable, --always-copy, --prefix, --script-dir, --no-user-cfg
[1.560s] DEBUG:colcon.colcon_core.event_handler.log_command:Invoking command in '/home/ty/ARS_Project/ars_ws/build/ars_base': DEBUGINFOD_URLS=https://debuginfod.ubuntu.com PYTHONPATH=/home/ty/ARS_Project/ars_ws/build/ars_base/prefix_override:/usr/lib/python3/dist-packages/colcon_core/task/python/colcon_distutils_commands:/home/ty/ARS_Project/ars_ws/install/ars_base/lib/python3.12/site-packages:${PYTHONPATH} /usr/bin/python3 -W ignore:setup.py install is deprecated -W ignore:easy_install command is deprecated setup.py develop --editable --build-directory /home/ty/ARS_Project/ars_ws/build/ars_base/build --no-deps symlink_data
[2.280s] Level 1:colcon.colcon_core.shell:create_environment_hook('ars_base', 'pythonpath_develop')
[2.281s] INFO:colcon.colcon_core.shell:Creating environment hook '/home/ty/ARS_Project/ars_ws/build/ars_base/share/ars_base/hook/pythonpath_develop.ps1'
[2.281s] DEBUG:colcon.colcon_core.event_handler.log_command:Invoked command in '/home/ty/ARS_Project/ars_ws/build/ars_base' returned '0': DEBUGINFOD_URLS=https://debuginfod.ubuntu.com PYTHONPATH=/home/ty/ARS_Project/ars_ws/build/ars_base/prefix_override:/usr/lib/python3/dist-packages/colcon_core/task/python/colcon_distutils_commands:/home/ty/ARS_Project/ars_ws/install/ars_base/lib/python3.12/site-packages:${PYTHONPATH} /usr/bin/python3 -W ignore:setup.py install is deprecated -W ignore:easy_install command is deprecated setup.py develop --editable --build-directory /home/ty/ARS_Project/ars_ws/build/ars_base/build --no-deps symlink_data
[2.282s] INFO:colcon.colcon_core.shell:Creating environment descriptor '/home/ty/ARS_Project/ars_ws/build/ars_base/share/ars_base/hook/pythonpath_develop.dsv'
[2.282s] INFO:colcon.colcon_core.shell:Creating environment hook '/home/ty/ARS_Project/ars_ws/build/ars_base/share/ars_base/hook/pythonpath_develop.sh'
[2.285s] Level 1:colcon.colcon_core.environment:checking '/home/ty/ARS_Project/ars_ws/install/ars_base' for CMake module files
[2.285s] Level 1:colcon.colcon_core.environment:checking '/home/ty/ARS_Project/ars_ws/install/ars_base' for CMake config files
[2.286s] Level 1:colcon.colcon_core.environment:checking '/home/ty/ARS_Project/ars_ws/install/ars_base/lib'
[2.286s] Level 1:colcon.colcon_core.environment:checking '/home/ty/ARS_Project/ars_ws/install/ars_base/bin'
[2.286s] Level 1:colcon.colcon_core.environment:checking '/home/ty/ARS_Project/ars_ws/install/ars_base/lib/pkgconfig/ars_base.pc'
[2.286s] Level 1:colcon.colcon_core.environment:checking '/home/ty/ARS_Project/ars_ws/install/ars_base/lib/python3.12/site-packages'
[2.286s] Level 1:colcon.colcon_core.shell:create_environment_hook('ars_base', 'pythonpath')
[2.287s] INFO:colcon.colcon_core.shell:Creating environment hook '/home/ty/ARS_Project/ars_ws/install/ars_base/share/ars_base/hook/pythonpath.ps1'
[2.287s] INFO:colcon.colcon_core.shell:Creating environment descriptor '/home/ty/ARS_Project/ars_ws/install/ars_base/share/ars_base/hook/pythonpath.dsv'
[2.287s] INFO:colcon.colcon_core.shell:Creating environment hook '/home/ty/ARS_Project/ars_ws/install/ars_base/share/ars_base/hook/pythonpath.sh'
[2.288s] Level 1:colcon.colcon_core.environment:checking '/home/ty/ARS_Project/ars_ws/install/ars_base/bin'
[2.288s] Level 1:colcon.colcon_core.environment:create_environment_scripts_only(ars_base)
[2.288s] INFO:colcon.colcon_core.shell:Creating package script '/home/ty/ARS_Project/ars_ws/install/ars_base/share/ars_base/package.ps1'
[2.289s] INFO:colcon.colcon_core.shell:Creating package descriptor '/home/ty/ARS_Project/ars_ws/install/ars_base/share/ars_base/package.dsv'
[2.290s] INFO:colcon.colcon_core.shell:Creating package script '/home/ty/ARS_Project/ars_ws/install/ars_base/share/ars_base/package.sh'
[2.291s] INFO:colcon.colcon_core.shell:Creating package script '/home/ty/ARS_Project/ars_ws/install/ars_base/share/ars_base/package.bash'
[2.291s] INFO:colcon.colcon_core.shell:Creating package script '/home/ty/ARS_Project/ars_ws/install/ars_base/share/ars_base/package.zsh'
[2.292s] Level 1:colcon.colcon_core.environment:create_file_with_runtime_dependencies(/home/ty/ARS_Project/ars_ws/install/ars_base/share/colcon-core/packages/ars_base)
[2.292s] DEBUG:colcon.colcon_parallel_executor.executor.parallel:closing loop
[2.292s] DEBUG:colcon.colcon_parallel_executor.executor.parallel:loop closed
[2.292s] DEBUG:colcon.colcon_parallel_executor.executor.parallel:run_until_complete finished with '0'
[2.292s] DEBUG:colcon.colcon_core.event_reactor:joining thread
[2.297s] INFO:colcon.colcon_core.plugin_system:Skipping extension 'colcon_notification.desktop_notification.terminal_notifier': Not used on non-Darwin systems
[2.298s] INFO:colcon.colcon_core.plugin_system:Skipping extension 'colcon_notification.desktop_notification.win32': Not used on non-Windows systems
[2.298s] INFO:colcon.colcon_notification.desktop_notification:Sending desktop notification using 'notify2'
[2.311s] DEBUG:colcon.colcon_core.event_reactor:joined thread
[2.312s] INFO:colcon.colcon_core.shell:Creating prefix script '/home/ty/ARS_Project/ars_ws/install/local_setup.ps1'
[2.313s] INFO:colcon.colcon_core.shell:Creating prefix util module '/home/ty/ARS_Project/ars_ws/install/_local_setup_util_ps1.py'
[2.315s] INFO:colcon.colcon_core.shell:Creating prefix chain script '/home/ty/ARS_Project/ars_ws/install/setup.ps1'
[2.318s] INFO:colcon.colcon_core.shell:Creating prefix script '/home/ty/ARS_Project/ars_ws/install/local_setup.sh'
[2.319s] INFO:colcon.colcon_core.shell:Creating prefix util module '/home/ty/ARS_Project/ars_ws/install/_local_setup_util_sh.py'
[2.320s] INFO:colcon.colcon_core.shell:Creating prefix chain script '/home/ty/ARS_Project/ars_ws/install/setup.sh'
[2.322s] INFO:colcon.colcon_core.shell:Creating prefix script '/home/ty/ARS_Project/ars_ws/install/local_setup.bash'
[2.323s] INFO:colcon.colcon_core.shell:Creating prefix chain script '/home/ty/ARS_Project/ars_ws/install/setup.bash'
[2.325s] INFO:colcon.colcon_core.shell:Creating prefix script '/home/ty/ARS_Project/ars_ws/install/local_setup.zsh'
[2.326s] INFO:colcon.colcon_core.shell:Creating prefix chain script '/home/ty/ARS_Project/ars_ws/install/setup.zsh'
