[1.463s] Invoking command in '/home/ty/ARS_Project/ars_ws/build/ars_base': DEBUGINFOD_URLS=https://debuginfod.ubuntu.com PYTHONPATH=/home/ty/ARS_Project/ars_ws/build/ars_base/prefix_override:/usr/lib/python3/dist-packages/colcon_core/task/python/colcon_distutils_commands:/home/ty/ARS_Project/ars_ws/install/ars_base/lib/python3.12/site-packages:${PYTHONPATH} /usr/bin/python3 -W ignore:setup.py install is deprecated -W ignore:easy_install command is deprecated setup.py develop --editable --build-directory /home/ty/ARS_Project/ars_ws/build/ars_base/build --no-deps symlink_data
[1.815s] running develop
[2.029s] /usr/lib/python3/dist-packages/setuptools/command/easy_install.py:363: UserWarning: Unbuilt egg for pytest-repeat [unknown version] (/usr/lib/python3/dist-packages)
[2.029s]   self.local_index = Environment(self.shadow_path + sys.path)
[2.069s] running egg_info
[2.092s] writing ars_base.egg-info/PKG-INFO
[2.092s] writing dependency_links to ars_base.egg-info/dependency_links.txt
[2.092s] writing entry points to ars_base.egg-info/entry_points.txt
[2.093s] writing requirements to ars_base.egg-info/requires.txt
[2.093s] writing top-level names to ars_base.egg-info/top_level.txt
[2.141s] reading manifest file 'ars_base.egg-info/SOURCES.txt'
[2.142s] writing manifest file 'ars_base.egg-info/SOURCES.txt'
[2.165s] running build_ext
[2.165s] Creating /home/ty/ARS_Project/ars_ws/install/ars_base/lib/python3.12/site-packages/ars-base.egg-link (link to .)
[2.166s] Installing event_logger script to /home/ty/ARS_Project/ars_ws/install/ars_base/lib/ars_base
[2.166s] Installing obstacle_verifier script to /home/ty/ARS_Project/ars_ws/install/ars_base/lib/ars_base
[2.166s] Installing safety_guard script to /home/ty/ARS_Project/ars_ws/install/ars_base/lib/ars_base
[2.166s] Installing serial_bridge script to /home/ty/ARS_Project/ars_ws/install/ars_base/lib/ars_base
[2.166s] Installing teleop_keys script to /home/ty/ARS_Project/ars_ws/install/ars_base/lib/ars_base
[2.166s] 
[2.167s] Installed /home/ty/ARS_Project/ars_ws/build/ars_base
[2.167s] running symlink_data
[2.198s] Invoked command in '/home/ty/ARS_Project/ars_ws/build/ars_base' returned '0': DEBUGINFOD_URLS=https://debuginfod.ubuntu.com PYTHONPATH=/home/ty/ARS_Project/ars_ws/build/ars_base/prefix_override:/usr/lib/python3/dist-packages/colcon_core/task/python/colcon_distutils_commands:/home/ty/ARS_Project/ars_ws/install/ars_base/lib/python3.12/site-packages:${PYTHONPATH} /usr/bin/python3 -W ignore:setup.py install is deprecated -W ignore:easy_install command is deprecated setup.py develop --editable --build-directory /home/ty/ARS_Project/ars_ws/build/ars_base/build --no-deps symlink_data
