[1.343s] Invoking command in '/home/ty/ARS_Project/ars_ws/build/ars_base': DEBUGINFOD_URLS=https://debuginfod.ubuntu.com PYTHONPATH=/home/ty/ARS_Project/ars_ws/build/ars_base/prefix_override:/usr/lib/python3/dist-packages/colcon_core/task/python/colcon_distutils_commands:/home/ty/ARS_Project/ars_ws/install/ars_base/lib/python3.12/site-packages:${PYTHONPATH} /usr/bin/python3 -W ignore:setup.py install is deprecated -W ignore:easy_install command is deprecated setup.py develop --editable --build-directory /home/ty/ARS_Project/ars_ws/build/ars_base/build --no-deps symlink_data
[1.936s] running develop
[2.262s] /usr/lib/python3/dist-packages/setuptools/command/easy_install.py:363: UserWarning: Unbuilt egg for pytest-repeat [unknown version] (/usr/lib/python3/dist-packages)
[2.262s]   self.local_index = Environment(self.shadow_path + sys.path)
[2.328s] running egg_info
[2.367s] writing ars_base.egg-info/PKG-INFO
[2.367s] writing dependency_links to ars_base.egg-info/dependency_links.txt
[2.367s] writing entry points to ars_base.egg-info/entry_points.txt
[2.367s] writing requirements to ars_base.egg-info/requires.txt
[2.367s] writing top-level names to ars_base.egg-info/top_level.txt
[2.448s] reading manifest file 'ars_base.egg-info/SOURCES.txt'
[2.449s] writing manifest file 'ars_base.egg-info/SOURCES.txt'
[2.490s] running build_ext
[2.490s] Creating /home/ty/ARS_Project/ars_ws/install/ars_base/lib/python3.12/site-packages/ars-base.egg-link (link to .)
[2.492s] Installing obstacle_verifier script to /home/ty/ARS_Project/ars_ws/install/ars_base/lib/ars_base
[2.492s] Installing safety_guard script to /home/ty/ARS_Project/ars_ws/install/ars_base/lib/ars_base
[2.492s] Installing serial_bridge script to /home/ty/ARS_Project/ars_ws/install/ars_base/lib/ars_base
[2.492s] 
[2.492s] Installed /home/ty/ARS_Project/ars_ws/build/ars_base
[2.492s] running symlink_data
[2.493s] symbolically linking /home/ty/ARS_Project/ars_ws/build/ars_base/launch/teleop_slam.launch.py -> /home/ty/ARS_Project/ars_ws/install/ars_base/share/ars_base/launch
[2.528s] Invoked command in '/home/ty/ARS_Project/ars_ws/build/ars_base' returned '0': DEBUGINFOD_URLS=https://debuginfod.ubuntu.com PYTHONPATH=/home/ty/ARS_Project/ars_ws/build/ars_base/prefix_override:/usr/lib/python3/dist-packages/colcon_core/task/python/colcon_distutils_commands:/home/ty/ARS_Project/ars_ws/install/ars_base/lib/python3.12/site-packages:${PYTHONPATH} /usr/bin/python3 -W ignore:setup.py install is deprecated -W ignore:easy_install command is deprecated setup.py develop --editable --build-directory /home/ty/ARS_Project/ars_ws/build/ars_base/build --no-deps symlink_data
