[1.239s] Invoking command in '/home/ty/ARS_Project/ars_ws/build/ars_base': DEBUGINFOD_URLS=https://debuginfod.ubuntu.com PYTHONPATH=/home/ty/ARS_Project/ars_ws/build/ars_base/prefix_override:/usr/lib/python3/dist-packages/colcon_core/task/python/colcon_distutils_commands:/home/ty/ARS_Project/ars_ws/install/ars_base/lib/python3.12/site-packages:${PYTHONPATH} /usr/bin/python3 -W ignore:setup.py install is deprecated -W ignore:easy_install command is deprecated setup.py develop --editable --build-directory /home/ty/ARS_Project/ars_ws/build/ars_base/build --no-deps symlink_data
[1.617s] running develop
[1.811s] /usr/lib/python3/dist-packages/setuptools/command/easy_install.py:363: UserWarning: Unbuilt egg for pytest-repeat [unknown version] (/usr/lib/python3/dist-packages)
[1.811s]   self.local_index = Environment(self.shadow_path + sys.path)
[1.849s] running egg_info
[1.872s] writing ars_base.egg-info/PKG-INFO
[1.872s] writing dependency_links to ars_base.egg-info/dependency_links.txt
[1.872s] writing entry points to ars_base.egg-info/entry_points.txt
[1.872s] writing requirements to ars_base.egg-info/requires.txt
[1.872s] writing top-level names to ars_base.egg-info/top_level.txt
[1.916s] reading manifest file 'ars_base.egg-info/SOURCES.txt'
[1.917s] writing manifest file 'ars_base.egg-info/SOURCES.txt'
[1.940s] running build_ext
[1.940s] Creating /home/ty/ARS_Project/ars_ws/install/ars_base/lib/python3.12/site-packages/ars-base.egg-link (link to .)
[1.940s] Installing event_logger script to /home/ty/ARS_Project/ars_ws/install/ars_base/lib/ars_base
[1.941s] Installing obstacle_verifier script to /home/ty/ARS_Project/ars_ws/install/ars_base/lib/ars_base
[1.941s] Installing safety_guard script to /home/ty/ARS_Project/ars_ws/install/ars_base/lib/ars_base
[1.941s] Installing serial_bridge script to /home/ty/ARS_Project/ars_ws/install/ars_base/lib/ars_base
[1.941s] Installing teleop_keys script to /home/ty/ARS_Project/ars_ws/install/ars_base/lib/ars_base
[1.941s] 
[1.941s] Installed /home/ty/ARS_Project/ars_ws/build/ars_base
[1.941s] running symlink_data
[1.973s] Invoked command in '/home/ty/ARS_Project/ars_ws/build/ars_base' returned '0': DEBUGINFOD_URLS=https://debuginfod.ubuntu.com PYTHONPATH=/home/ty/ARS_Project/ars_ws/build/ars_base/prefix_override:/usr/lib/python3/dist-packages/colcon_core/task/python/colcon_distutils_commands:/home/ty/ARS_Project/ars_ws/install/ars_base/lib/python3.12/site-packages:${PYTHONPATH} /usr/bin/python3 -W ignore:setup.py install is deprecated -W ignore:easy_install command is deprecated setup.py develop --editable --build-directory /home/ty/ARS_Project/ars_ws/build/ars_base/build --no-deps symlink_data
