[0.240s] DEBUG:colcon:Command line arguments: ['/usr/bin/colcon', 'build', '--symlink-install']
[0.240s] DEBUG:colcon:Parsed command line arguments: Namespace(log_base=None, log_level=None, verb_name='build', build_base='build', install_base='install', merge_install=False, symlink_install=True, test_result_base=None, continue_on_error=False, executor='parallel', parallel_workers=8, event_handlers=None, ignore_user_meta=False, metas=['./colcon.meta'], base_paths=['.'], packages_ignore=None, packages_ignore_regex=None, paths=None, packages_up_to=None, packages_up_to_regex=None, packages_above=None, packages_above_and_dependencies=None, packages_above_depth=None, packages_select_by_dep=None, packages_skip_by_dep=None, packages_skip_up_to=None, packages_select_build_failed=False, packages_skip_build_finished=False, packages_select_test_failures=False, packages_skip_test_passed=False, packages_select=None, packages_skip=None, packages_select_regex=None, packages_skip_regex=None, packages_start=None, packages_end=None, allow_overriding=[], cmake_args=None, cmake_target=None, cmake_target_skip_unavailable=False, cmake_clean_cache=False, cmake_clean_first=False, cmake_force_configure=False, ament_cmake_args=None, catkin_cmake_args=None, catkin_skip_building_tests=False, mixin_files=None, mixin=None, verb_parser=<colcon_mixin.mixin.mixin_argument.MixinArgumentDecorator object at 0x7f7baf694cb0>, verb_extension=<colcon_core.verb.build.BuildVerb object at 0x7f7baf7b96a0>, main=<bound method BuildVerb.main of <colcon_core.verb.build.BuildVerb object at 0x7f7baf7b96a0>>, mixin_verb=('build',))
[0.301s] Level 1:colcon.colcon_core.package_discovery:discover_packages(colcon_meta) check parameters
[0.302s] Level 1:colcon.colcon_core.package_discovery:discover_packages(recursive) check parameters
[0.302s] Level 1:colcon.colcon_core.package_discovery:discover_packages(ignore) check parameters
[0.302s] Level 1:colcon.colcon_core.package_discovery:discover_packages(path) check parameters
[0.302s] Level 1:colcon.colcon_core.package_discovery:discover_packages(colcon_meta) discover
[0.302s] Level 1:colcon.colcon_core.package_discovery:discover_packages(recursive) discover
[0.302s] INFO:colcon.colcon_core.package_discovery:Crawling recursively for packages in '/home/ty/ARS_Project/ars_ws'
[0.302s] Level 1:colcon.colcon_core.package_identification:_identify(.) by extensions ['ignore', 'ignore_ament_install']
[0.302s] Level 1:colcon.colcon_core.package_identification:_identify(.) by extension 'ignore'
[0.302s] Level 1:colcon.colcon_core.package_identification:_identify(.) by extension 'ignore_ament_install'
[0.302s] Level 1:colcon.colcon_core.package_identification:_identify(.) by extensions ['colcon_pkg']
[0.302s] Level 1:colcon.colcon_core.package_identification:_identify(.) by extension 'colcon_pkg'
[0.303s] Level 1:colcon.colcon_core.package_identification:_identify(.) by extensions ['colcon_meta']
[0.303s] Level 1:colcon.colcon_core.package_identification:_identify(.) by extension 'colcon_meta'
[0.303s] Level 1:colcon.colcon_core.package_identification:_identify(.) by extensions ['ros']
[0.303s] Level 1:colcon.colcon_core.package_identification:_identify(.) by extension 'ros'
[0.335s] Level 1:colcon.colcon_core.package_identification:_identify(.) by extensions ['cmake', 'python']
[0.335s] Level 1:colcon.colcon_core.package_identification:_identify(.) by extension 'cmake'
[0.335s] Level 1:colcon.colcon_core.package_identification:_identify(.) by extension 'python'
[0.335s] Level 1:colcon.colcon_core.package_identification:_identify(.) by extensions ['python_setup_py']
[0.335s] Level 1:colcon.colcon_core.package_identification:_identify(.) by extension 'python_setup_py'
[0.335s] Level 1:colcon.colcon_core.package_identification:_identify(build) by extensions ['ignore', 'ignore_ament_install']
[0.335s] Level 1:colcon.colcon_core.package_identification:_identify(build) by extension 'ignore'
[0.335s] Level 1:colcon.colcon_core.package_identification:_identify(build) ignored
[0.335s] Level 1:colcon.colcon_core.package_identification:_identify(install) by extensions ['ignore', 'ignore_ament_install']
[0.335s] Level 1:colcon.colcon_core.package_identification:_identify(install) by extension 'ignore'
[0.336s] Level 1:colcon.colcon_core.package_identification:_identify(install) ignored
[0.336s] Level 1:colcon.colcon_core.package_identification:_identify(log) by extensions ['ignore', 'ignore_ament_install']
[0.336s] Level 1:colcon.colcon_core.package_identification:_identify(log) by extension 'ignore'
[0.336s] Level 1:colcon.colcon_core.package_identification:_identify(log) ignored
[0.336s] Level 1:colcon.colcon_core.package_identification:_identify(src) by extensions ['ignore', 'ignore_ament_install']
[0.336s] Level 1:colcon.colcon_core.package_identification:_identify(src) by extension 'ignore'
[0.336s] Level 1:colcon.colcon_core.package_identification:_identify(src) by extension 'ignore_ament_install'
[0.336s] Level 1:colcon.colcon_core.package_identification:_identify(src) by extensions ['colcon_pkg']
[0.336s] Level 1:colcon.colcon_core.package_identification:_identify(src) by extension 'colcon_pkg'
[0.336s] Level 1:colcon.colcon_core.package_identification:_identify(src) by extensions ['colcon_meta']
[0.336s] Level 1:colcon.colcon_core.package_identification:_identify(src) by extension 'colcon_meta'
[0.336s] Level 1:colcon.colcon_core.package_identification:_identify(src) by extensions ['ros']
[0.336s] Level 1:colcon.colcon_core.package_identification:_identify(src) by extension 'ros'
[0.336s] Level 1:colcon.colcon_core.package_identification:_identify(src) by extensions ['cmake', 'python']
[0.336s] Level 1:colcon.colcon_core.package_identification:_identify(src) by extension 'cmake'
[0.336s] Level 1:colcon.colcon_core.package_identification:_identify(src) by extension 'python'
[0.336s] Level 1:colcon.colcon_core.package_identification:_identify(src) by extensions ['python_setup_py']
[0.336s] Level 1:colcon.colcon_core.package_identification:_identify(src) by extension 'python_setup_py'
[0.336s] Level 1:colcon.colcon_core.package_identification:_identify(src/ars_base) by extensions ['ignore', 'ignore_ament_install']
[0.337s] Level 1:colcon.colcon_core.package_identification:_identify(src/ars_base) by extension 'ignore'
[0.337s] Level 1:colcon.colcon_core.package_identification:_identify(src/ars_base) by extension 'ignore_ament_install'
[0.337s] Level 1:colcon.colcon_core.package_identification:_identify(src/ars_base) by extensions ['colcon_pkg']
[0.337s] Level 1:colcon.colcon_core.package_identification:_identify(src/ars_base) by extension 'colcon_pkg'
[0.337s] Level 1:colcon.colcon_core.package_identification:_identify(src/ars_base) by extensions ['colcon_meta']
[0.337s] Level 1:colcon.colcon_core.package_identification:_identify(src/ars_base) by extension 'colcon_meta'
[0.337s] Level 1:colcon.colcon_core.package_identification:_identify(src/ars_base) by extensions ['ros']
[0.337s] Level 1:colcon.colcon_core.package_identification:_identify(src/ars_base) by extension 'ros'
[0.340s] DEBUG:colcon.colcon_core.package_identification:Package 'src/ars_base' with type 'ros.ament_python' and name 'ars_base'
[0.340s] Level 1:colcon.colcon_core.package_discovery:discover_packages(recursive) using defaults
[0.340s] Level 1:colcon.colcon_core.package_discovery:discover_packages(ignore) discover
[0.340s] Level 1:colcon.colcon_core.package_discovery:discover_packages(ignore) using defaults
[0.340s] Level 1:colcon.colcon_core.package_discovery:discover_packages(path) discover
[0.340s] Level 1:colcon.colcon_core.package_discovery:discover_packages(path) using defaults
[0.370s] Level 1:colcon.colcon_core.package_discovery:discover_packages(prefix_path) check parameters
[0.370s] Level 1:colcon.colcon_core.package_discovery:discover_packages(prefix_path) discover
[0.374s] DEBUG:colcon.colcon_installed_package_information.package_discovery:Found 1 installed packages in /home/ty/ARS_Project/ydlidar_ros2_ws/install
[0.377s] DEBUG:colcon.colcon_installed_package_information.package_discovery:Found 411 installed packages in /opt/ros/jazzy
[0.379s] Level 1:colcon.colcon_core.package_discovery:discover_packages(prefix_path) using defaults
[0.471s] Level 5:colcon.colcon_core.verb:set package 'ars_base' build argument 'cmake_args' from command line to 'None'
[0.471s] Level 5:colcon.colcon_core.verb:set package 'ars_base' build argument 'cmake_target' from command line to 'None'
[0.471s] Level 5:colcon.colcon_core.verb:set package 'ars_base' build argument 'cmake_target_skip_unavailable' from command line to 'False'
[0.471s] Level 5:colcon.colcon_core.verb:set package 'ars_base' build argument 'cmake_clean_cache' from command line to 'False'
[0.471s] Level 5:colcon.colcon_core.verb:set package 'ars_base' build argument 'cmake_clean_first' from command line to 'False'
[0.471s] Level 5:colcon.colcon_core.verb:set package 'ars_base' build argument 'cmake_force_configure' from command line to 'False'
[0.471s] Level 5:colcon.colcon_core.verb:set package 'ars_base' build argument 'ament_cmake_args' from command line to 'None'
[0.471s] Level 5:colcon.colcon_core.verb:set package 'ars_base' build argument 'catkin_cmake_args' from command line to 'None'
[0.472s] Level 5:colcon.colcon_core.verb:set package 'ars_base' build argument 'catkin_skip_building_tests' from command line to 'False'
[0.472s] DEBUG:colcon.colcon_core.verb:Building package 'ars_base' with the following arguments: {'ament_cmake_args': None, 'build_base': '/home/ty/ARS_Project/ars_ws/build/ars_base', 'catkin_cmake_args': None, 'catkin_skip_building_tests': False, 'cmake_args': None, 'cmake_clean_cache': False, 'cmake_clean_first': False, 'cmake_force_configure': False, 'cmake_target': None, 'cmake_target_skip_unavailable': False, 'install_base': '/home/ty/ARS_Project/ars_ws/install/ars_base', 'merge_install': False, 'path': '/home/ty/ARS_Project/ars_ws/src/ars_base', 'symlink_install': True, 'test_result_base': None}
[0.472s] INFO:colcon.colcon_core.executor:Executing jobs using 'parallel' executor
[0.473s] DEBUG:colcon.colcon_parallel_executor.executor.parallel:run_until_complete
[0.473s] INFO:colcon.colcon_ros.task.ament_python.build:Building ROS package in '/home/ty/ARS_Project/ars_ws/src/ars_base' with build type 'ament_python'
[0.474s] Level 1:colcon.colcon_core.shell:create_environment_hook('ars_base', 'ament_prefix_path')
[0.478s] INFO:colcon.colcon_core.plugin_system:Skipping extension 'colcon_core.shell.bat': Not used on non-Windows systems
[0.479s] INFO:colcon.colcon_core.shell:Creating environment hook '/home/ty/ARS_Project/ars_ws/install/ars_base/share/ars_base/hook/ament_prefix_path.ps1'
[0.480s] INFO:colcon.colcon_core.shell:Creating environment descriptor '/home/ty/ARS_Project/ars_ws/install/ars_base/share/ars_base/hook/ament_prefix_path.dsv'
[0.480s] INFO:colcon.colcon_core.shell:Creating environment hook '/home/ty/ARS_Project/ars_ws/install/ars_base/share/ars_base/hook/ament_prefix_path.sh'
[0.481s] INFO:colcon.colcon_core.shell:Skip shell extension 'powershell' for command environment: Not usable outside of PowerShell
[0.481s] DEBUG:colcon.colcon_core.shell:Skip shell extension 'dsv' for command environment
[0.829s] INFO:colcon.colcon_core.task.python.build:Building Python package in '/home/ty/ARS_Project/ars_ws/src/ars_base'
[0.829s] INFO:colcon.colcon_core.shell:Skip shell extension 'powershell' for command environment: Not usable outside of PowerShell
[0.829s] DEBUG:colcon.colcon_core.shell:Skip shell extension 'dsv' for command environment
[1.586s] DEBUG:colcon.colcon_core.task.python.build:Available setuptools commands: setopt, build_py, build_ext, extract_messages, bdist, register, alias, update_catalog, build, build_clib, install_data, bdist_rpm, build_scripts, compile_catalog, develop, bdist_wheel, bdist_egg, check, upload_docs, bdist_dumb, install_headers, install, clean, editable_wheel, rotate, easy_install, install_scripts, test, dist_info, egg_info, sdist, install_lib, symlink_data, install_egg_info, init_catalog, saveopts, upload
[1.935s] DEBUG:colcon.colcon_core.task.python.build:Available setuptools 'develop' options: --user, --always-unzip, --zip-ok, --local-snapshots-ok, --install-layout, --build-directory, --optimize, --editable, --script-dir, --site-dirs, --no-find-links, --no-user-cfg, --index-url, --force-installation-into-system-dir, --egg-path, --help, --multi-version, --no-deps, --always-copy, --exclude-scripts, --verbose, --install-dir, --prefix, --find-links, --uninstall, --upgrade, --dry-run, --record, --version, --quiet, --allow-hosts
[1.937s] DEBUG:colcon.colcon_core.event_handler.log_command:Invoking command in '/home/ty/ARS_Project/ars_ws/build/ars_base': DEBUGINFOD_URLS=https://debuginfod.ubuntu.com PYTHONPATH=/home/ty/ARS_Project/ars_ws/build/ars_base/prefix_override:/usr/lib/python3/dist-packages/colcon_core/task/python/colcon_distutils_commands:/home/ty/ARS_Project/ars_ws/install/ars_base/lib/python3.12/site-packages:${PYTHONPATH} /usr/bin/python3 -W ignore:setup.py install is deprecated -W ignore:easy_install command is deprecated setup.py develop --editable --build-directory /home/ty/ARS_Project/ars_ws/build/ars_base/build --no-deps symlink_data
[2.671s] Level 1:colcon.colcon_core.shell:create_environment_hook('ars_base', 'pythonpath_develop')
[2.671s] INFO:colcon.colcon_core.shell:Creating environment hook '/home/ty/ARS_Project/ars_ws/build/ars_base/share/ars_base/hook/pythonpath_develop.ps1'
[2.671s] DEBUG:colcon.colcon_core.event_handler.log_command:Invoked command in '/home/ty/ARS_Project/ars_ws/build/ars_base' returned '0': DEBUGINFOD_URLS=https://debuginfod.ubuntu.com PYTHONPATH=/home/ty/ARS_Project/ars_ws/build/ars_base/prefix_override:/usr/lib/python3/dist-packages/colcon_core/task/python/colcon_distutils_commands:/home/ty/ARS_Project/ars_ws/install/ars_base/lib/python3.12/site-packages:${PYTHONPATH} /usr/bin/python3 -W ignore:setup.py install is deprecated -W ignore:easy_install command is deprecated setup.py develop --editable --build-directory /home/ty/ARS_Project/ars_ws/build/ars_base/build --no-deps symlink_data
[2.672s] INFO:colcon.colcon_core.shell:Creating environment descriptor '/home/ty/ARS_Project/ars_ws/build/ars_base/share/ars_base/hook/pythonpath_develop.dsv'
[2.673s] INFO:colcon.colcon_core.shell:Creating environment hook '/home/ty/ARS_Project/ars_ws/build/ars_base/share/ars_base/hook/pythonpath_develop.sh'
[2.679s] Level 1:colcon.colcon_core.environment:checking '/home/ty/ARS_Project/ars_ws/install/ars_base' for CMake module files
[2.680s] Level 1:colcon.colcon_core.environment:checking '/home/ty/ARS_Project/ars_ws/install/ars_base' for CMake config files
[2.681s] Level 1:colcon.colcon_core.environment:checking '/home/ty/ARS_Project/ars_ws/install/ars_base/lib'
[2.681s] Level 1:colcon.colcon_core.environment:checking '/home/ty/ARS_Project/ars_ws/install/ars_base/bin'
[2.681s] Level 1:colcon.colcon_core.environment:checking '/home/ty/ARS_Project/ars_ws/install/ars_base/lib/pkgconfig/ars_base.pc'
[2.681s] Level 1:colcon.colcon_core.environment:checking '/home/ty/ARS_Project/ars_ws/install/ars_base/lib/python3.12/site-packages'
[2.682s] Level 1:colcon.colcon_core.shell:create_environment_hook('ars_base', 'pythonpath')
[2.682s] INFO:colcon.colcon_core.shell:Creating environment hook '/home/ty/ARS_Project/ars_ws/install/ars_base/share/ars_base/hook/pythonpath.ps1'
[2.682s] INFO:colcon.colcon_core.shell:Creating environment descriptor '/home/ty/ARS_Project/ars_ws/install/ars_base/share/ars_base/hook/pythonpath.dsv'
[2.683s] INFO:colcon.colcon_core.shell:Creating environment hook '/home/ty/ARS_Project/ars_ws/install/ars_base/share/ars_base/hook/pythonpath.sh'
[2.684s] Level 1:colcon.colcon_core.environment:checking '/home/ty/ARS_Project/ars_ws/install/ars_base/bin'
[2.684s] Level 1:colcon.colcon_core.environment:create_environment_scripts_only(ars_base)
[2.685s] INFO:colcon.colcon_core.shell:Creating package script '/home/ty/ARS_Project/ars_ws/install/ars_base/share/ars_base/package.ps1'
[2.686s] INFO:colcon.colcon_core.shell:Creating package descriptor '/home/ty/ARS_Project/ars_ws/install/ars_base/share/ars_base/package.dsv'
[2.687s] INFO:colcon.colcon_core.shell:Creating package script '/home/ty/ARS_Project/ars_ws/install/ars_base/share/ars_base/package.sh'
[2.688s] INFO:colcon.colcon_core.shell:Creating package script '/home/ty/ARS_Project/ars_ws/install/ars_base/share/ars_base/package.bash'
[2.689s] INFO:colcon.colcon_core.shell:Creating package script '/home/ty/ARS_Project/ars_ws/install/ars_base/share/ars_base/package.zsh'
[2.690s] Level 1:colcon.colcon_core.environment:create_file_with_runtime_dependencies(/home/ty/ARS_Project/ars_ws/install/ars_base/share/colcon-core/packages/ars_base)
[2.691s] DEBUG:colcon.colcon_parallel_executor.executor.parallel:closing loop
[2.691s] DEBUG:colcon.colcon_parallel_executor.executor.parallel:loop closed
[2.691s] DEBUG:colcon.colcon_parallel_executor.executor.parallel:run_until_complete finished with '0'
[2.691s] DEBUG:colcon.colcon_core.event_reactor:joining thread
[2.697s] INFO:colcon.colcon_core.plugin_system:Skipping extension 'colcon_notification.desktop_notification.terminal_notifier': Not used on non-Darwin systems
[2.697s] INFO:colcon.colcon_core.plugin_system:Skipping extension 'colcon_notification.desktop_notification.win32': Not used on non-Windows systems
[2.697s] INFO:colcon.colcon_notification.desktop_notification:Sending desktop notification using 'notify2'
[2.722s] DEBUG:colcon.colcon_core.event_reactor:joined thread
[2.722s] INFO:colcon.colcon_core.shell:Creating prefix script '/home/ty/ARS_Project/ars_ws/install/local_setup.ps1'
[2.723s] INFO:colcon.colcon_core.shell:Creating prefix util module '/home/ty/ARS_Project/ars_ws/install/_local_setup_util_ps1.py'
[2.724s] INFO:colcon.colcon_core.shell:Creating prefix chain script '/home/ty/ARS_Project/ars_ws/install/setup.ps1'
[2.725s] INFO:colcon.colcon_core.shell:Creating prefix script '/home/ty/ARS_Project/ars_ws/install/local_setup.sh'
[2.726s] INFO:colcon.colcon_core.shell:Creating prefix util module '/home/ty/ARS_Project/ars_ws/install/_local_setup_util_sh.py'
[2.727s] INFO:colcon.colcon_core.shell:Creating prefix chain script '/home/ty/ARS_Project/ars_ws/install/setup.sh'
[2.728s] INFO:colcon.colcon_core.shell:Creating prefix script '/home/ty/ARS_Project/ars_ws/install/local_setup.bash'
[2.728s] INFO:colcon.colcon_core.shell:Creating prefix chain script '/home/ty/ARS_Project/ars_ws/install/setup.bash'
[2.729s] INFO:colcon.colcon_core.shell:Creating prefix script '/home/ty/ARS_Project/ars_ws/install/local_setup.zsh'
[2.730s] INFO:colcon.colcon_core.shell:Creating prefix chain script '/home/ty/ARS_Project/ars_ws/install/setup.zsh'
