[0.212s] DEBUG:colcon:Command line arguments: ['/usr/bin/colcon', 'build', '--symlink-install']
[0.212s] DEBUG:colcon:Parsed command line arguments: Namespace(log_base=None, log_level=None, verb_name='build', build_base='build', install_base='install', merge_install=False, symlink_install=True, test_result_base=None, continue_on_error=False, executor='parallel', parallel_workers=8, event_handlers=None, ignore_user_meta=False, metas=['./colcon.meta'], base_paths=['.'], packages_ignore=None, packages_ignore_regex=None, paths=None, packages_up_to=None, packages_up_to_regex=None, packages_above=None, packages_above_and_dependencies=None, packages_above_depth=None, packages_select_by_dep=None, packages_skip_by_dep=None, packages_skip_up_to=None, packages_select_build_failed=False, packages_skip_build_finished=False, packages_select_test_failures=False, packages_skip_test_passed=False, packages_select=None, packages_skip=None, packages_select_regex=None, packages_skip_regex=None, packages_start=None, packages_end=None, allow_overriding=[], cmake_args=None, cmake_target=None, cmake_target_skip_unavailable=False, cmake_clean_cache=False, cmake_clean_first=False, cmake_force_configure=False, ament_cmake_args=None, catkin_cmake_args=None, catkin_skip_building_tests=False, mixin_files=None, mixin=None, verb_parser=<colcon_mixin.mixin.mixin_argument.MixinArgumentDecorator object at 0x77d66bea8cb0>, verb_extension=<colcon_core.verb.build.BuildVerb object at 0x77d66bfccdd0>, main=<bound method BuildVerb.main of <colcon_core.verb.build.BuildVerb object at 0x77d66bfccdd0>>, mixin_verb=('build',))
[0.268s] Level 1:colcon.colcon_core.package_discovery:discover_packages(colcon_meta) check parameters
[0.268s] Level 1:colcon.colcon_core.package_discovery:discover_packages(recursive) check parameters
[0.268s] Level 1:colcon.colcon_core.package_discovery:discover_packages(ignore) check parameters
[0.268s] Level 1:colcon.colcon_core.package_discovery:discover_packages(path) check parameters
[0.268s] Level 1:colcon.colcon_core.package_discovery:discover_packages(colcon_meta) discover
[0.268s] Level 1:colcon.colcon_core.package_discovery:discover_packages(recursive) discover
[0.268s] INFO:colcon.colcon_core.package_discovery:Crawling recursively for packages in '/home/ty/ARS_Project/ars_ws'
[0.268s] Level 1:colcon.colcon_core.package_identification:_identify(.) by extensions ['ignore', 'ignore_ament_install']
[0.268s] Level 1:colcon.colcon_core.package_identification:_identify(.) by extension 'ignore'
[0.268s] Level 1:colcon.colcon_core.package_identification:_identify(.) by extension 'ignore_ament_install'
[0.268s] Level 1:colcon.colcon_core.package_identification:_identify(.) by extensions ['colcon_pkg']
[0.268s] Level 1:colcon.colcon_core.package_identification:_identify(.) by extension 'colcon_pkg'
[0.268s] Level 1:colcon.colcon_core.package_identification:_identify(.) by extensions ['colcon_meta']
[0.268s] Level 1:colcon.colcon_core.package_identification:_identify(.) by extension 'colcon_meta'
[0.269s] Level 1:colcon.colcon_core.package_identification:_identify(.) by extensions ['ros']
[0.269s] Level 1:colcon.colcon_core.package_identification:_identify(.) by extension 'ros'
[0.299s] Level 1:colcon.colcon_core.package_identification:_identify(.) by extensions ['cmake', 'python']
[0.299s] Level 1:colcon.colcon_core.package_identification:_identify(.) by extension 'cmake'
[0.299s] Level 1:colcon.colcon_core.package_identification:_identify(.) by extension 'python'
[0.299s] Level 1:colcon.colcon_core.package_identification:_identify(.) by extensions ['python_setup_py']
[0.299s] Level 1:colcon.colcon_core.package_identification:_identify(.) by extension 'python_setup_py'
[0.299s] Level 1:colcon.colcon_core.package_identification:_identify(build) by extensions ['ignore', 'ignore_ament_install']
[0.300s] Level 1:colcon.colcon_core.package_identification:_identify(build) by extension 'ignore'
[0.300s] Level 1:colcon.colcon_core.package_identification:_identify(build) ignored
[0.300s] Level 1:colcon.colcon_core.package_identification:_identify(install) by extensions ['ignore', 'ignore_ament_install']
[0.300s] Level 1:colcon.colcon_core.package_identification:_identify(install) by extension 'ignore'
[0.300s] Level 1:colcon.colcon_core.package_identification:_identify(install) ignored
[0.300s] Level 1:colcon.colcon_core.package_identification:_identify(log) by extensions ['ignore', 'ignore_ament_install']
[0.300s] Level 1:colcon.colcon_core.package_identification:_identify(log) by extension 'ignore'
[0.300s] Level 1:colcon.colcon_core.package_identification:_identify(log) ignored
[0.300s] Level 1:colcon.colcon_core.package_identification:_identify(src) by extensions ['ignore', 'ignore_ament_install']
[0.300s] Level 1:colcon.colcon_core.package_identification:_identify(src) by extension 'ignore'
[0.300s] Level 1:colcon.colcon_core.package_identification:_identify(src) by extension 'ignore_ament_install'
[0.300s] Level 1:colcon.colcon_core.package_identification:_identify(src) by extensions ['colcon_pkg']
[0.300s] Level 1:colcon.colcon_core.package_identification:_identify(src) by extension 'colcon_pkg'
[0.300s] Level 1:colcon.colcon_core.package_identification:_identify(src) by extensions ['colcon_meta']
[0.300s] Level 1:colcon.colcon_core.package_identification:_identify(src) by extension 'colcon_meta'
[0.300s] Level 1:colcon.colcon_core.package_identification:_identify(src) by extensions ['ros']
[0.300s] Level 1:colcon.colcon_core.package_identification:_identify(src) by extension 'ros'
[0.300s] Level 1:colcon.colcon_core.package_identification:_identify(src) by extensions ['cmake', 'python']
[0.301s] Level 1:colcon.colcon_core.package_identification:_identify(src) by extension 'cmake'
[0.301s] Level 1:colcon.colcon_core.package_identification:_identify(src) by extension 'python'
[0.301s] Level 1:colcon.colcon_core.package_identification:_identify(src) by extensions ['python_setup_py']
[0.301s] Level 1:colcon.colcon_core.package_identification:_identify(src) by extension 'python_setup_py'
[0.301s] Level 1:colcon.colcon_core.package_identification:_identify(src/ars_base) by extensions ['ignore', 'ignore_ament_install']
[0.301s] Level 1:colcon.colcon_core.package_identification:_identify(src/ars_base) by extension 'ignore'
[0.301s] Level 1:colcon.colcon_core.package_identification:_identify(src/ars_base) by extension 'ignore_ament_install'
[0.301s] Level 1:colcon.colcon_core.package_identification:_identify(src/ars_base) by extensions ['colcon_pkg']
[0.301s] Level 1:colcon.colcon_core.package_identification:_identify(src/ars_base) by extension 'colcon_pkg'
[0.301s] Level 1:colcon.colcon_core.package_identification:_identify(src/ars_base) by extensions ['colcon_meta']
[0.301s] Level 1:colcon.colcon_core.package_identification:_identify(src/ars_base) by extension 'colcon_meta'
[0.301s] Level 1:colcon.colcon_core.package_identification:_identify(src/ars_base) by extensions ['ros']
[0.301s] Level 1:colcon.colcon_core.package_identification:_identify(src/ars_base) by extension 'ros'
[0.304s] DEBUG:colcon.colcon_core.package_identification:Package 'src/ars_base' with type 'ros.ament_python' and name 'ars_base'
[0.304s] Level 1:colcon.colcon_core.package_discovery:discover_packages(recursive) using defaults
[0.304s] Level 1:colcon.colcon_core.package_discovery:discover_packages(ignore) discover
[0.304s] Level 1:colcon.colcon_core.package_discovery:discover_packages(ignore) using defaults
[0.304s] Level 1:colcon.colcon_core.package_discovery:discover_packages(path) discover
[0.304s] Level 1:colcon.colcon_core.package_discovery:discover_packages(path) using defaults
[0.328s] Level 1:colcon.colcon_core.package_discovery:discover_packages(prefix_path) check parameters
[0.328s] Level 1:colcon.colcon_core.package_discovery:discover_packages(prefix_path) discover
[0.330s] DEBUG:colcon.colcon_installed_package_information.package_discovery:Found 1 installed packages in /home/ty/ARS_Project/ydlidar_ros2_ws/install
[0.332s] DEBUG:colcon.colcon_installed_package_information.package_discovery:Found 411 installed packages in /opt/ros/jazzy
[0.334s] Level 1:colcon.colcon_core.package_discovery:discover_packages(prefix_path) using defaults
[0.390s] Level 5:colcon.colcon_core.verb:set package 'ars_base' build argument 'cmake_args' from command line to 'None'
[0.390s] Level 5:colcon.colcon_core.verb:set package 'ars_base' build argument 'cmake_target' from command line to 'None'
[0.390s] Level 5:colcon.colcon_core.verb:set package 'ars_base' build argument 'cmake_target_skip_unavailable' from command line to 'False'
[0.390s] Level 5:colcon.colcon_core.verb:set package 'ars_base' build argument 'cmake_clean_cache' from command line to 'False'
[0.390s] Level 5:colcon.colcon_core.verb:set package 'ars_base' build argument 'cmake_clean_first' from command line to 'False'
[0.390s] Level 5:colcon.colcon_core.verb:set package 'ars_base' build argument 'cmake_force_configure' from command line to 'False'
[0.390s] Level 5:colcon.colcon_core.verb:set package 'ars_base' build argument 'ament_cmake_args' from command line to 'None'
[0.390s] Level 5:colcon.colcon_core.verb:set package 'ars_base' build argument 'catkin_cmake_args' from command line to 'None'
[0.390s] Level 5:colcon.colcon_core.verb:set package 'ars_base' build argument 'catkin_skip_building_tests' from command line to 'False'
[0.390s] DEBUG:colcon.colcon_core.verb:Building package 'ars_base' with the following arguments: {'ament_cmake_args': None, 'build_base': '/home/ty/ARS_Project/ars_ws/build/ars_base', 'catkin_cmake_args': None, 'catkin_skip_building_tests': False, 'cmake_args': None, 'cmake_clean_cache': False, 'cmake_clean_first': False, 'cmake_force_configure': False, 'cmake_target': None, 'cmake_target_skip_unavailable': False, 'install_base': '/home/ty/ARS_Project/ars_ws/install/ars_base', 'merge_install': False, 'path': '/home/ty/ARS_Project/ars_ws/src/ars_base', 'symlink_install': True, 'test_result_base': None}
[0.391s] INFO:colcon.colcon_core.executor:Executing jobs using 'parallel' executor
[0.391s] DEBUG:colcon.colcon_parallel_executor.executor.parallel:run_until_complete
[0.392s] INFO:colcon.colcon_ros.task.ament_python.build:Building ROS package in '/home/ty/ARS_Project/ars_ws/src/ars_base' with build type 'ament_python'
[0.392s] Level 1:colcon.colcon_core.shell:create_environment_hook('ars_base', 'ament_prefix_path')
[0.396s] INFO:colcon.colcon_core.plugin_system:Skipping extension 'colcon_core.shell.bat': Not used on non-Windows systems
[0.396s] INFO:colcon.colcon_core.shell:Creating environment hook '/home/ty/ARS_Project/ars_ws/install/ars_base/share/ars_base/hook/ament_prefix_path.ps1'
[0.397s] INFO:colcon.colcon_core.shell:Creating environment descriptor '/home/ty/ARS_Project/ars_ws/install/ars_base/share/ars_base/hook/ament_prefix_path.dsv'
[0.397s] INFO:colcon.colcon_core.shell:Creating environment hook '/home/ty/ARS_Project/ars_ws/install/ars_base/share/ars_base/hook/ament_prefix_path.sh'
[0.398s] INFO:colcon.colcon_core.shell:Skip shell extension 'powershell' for command environment: Not usable outside of PowerShell
[0.398s] DEBUG:colcon.colcon_core.shell:Skip shell extension 'dsv' for command environment
[0.630s] INFO:colcon.colcon_core.task.python.build:Building Python package in '/home/ty/ARS_Project/ars_ws/src/ars_base'
[0.630s] INFO:colcon.colcon_core.shell:Skip shell extension 'powershell' for command environment: Not usable outside of PowerShell
[0.630s] DEBUG:colcon.colcon_core.shell:Skip shell extension 'dsv' for command environment
[1.377s] DEBUG:colcon.colcon_core.task.python.build:Available setuptools commands: extract_messages, compile_catalog, build_py, install, bdist, upload, bdist_egg, test, saveopts, install_scripts, develop, easy_install, alias, build_scripts, build_ext, dist_info, register, setopt, install_data, build, upload_docs, symlink_data, install_lib, rotate, init_catalog, update_catalog, bdist_wheel, clean, egg_info, install_egg_info, bdist_rpm, check, editable_wheel, bdist_dumb, install_headers, build_clib, sdist
[1.737s] DEBUG:colcon.colcon_core.task.python.build:Available setuptools 'develop' options: --site-dirs, --verbose, --always-unzip, --allow-hosts, --record, --no-deps, --install-layout, --local-snapshots-ok, --user, --zip-ok, --always-copy, --upgrade, --version, --force-installation-into-system-dir, --find-links, --multi-version, --help, --no-user-cfg, --optimize, --no-find-links, --egg-path, --exclude-scripts, --editable, --dry-run, --quiet, --install-dir, --script-dir, --uninstall, --index-url, --prefix, --build-directory
[1.738s] DEBUG:colcon.colcon_core.event_handler.log_command:Invoking command in '/home/ty/ARS_Project/ars_ws/build/ars_base': DEBUGINFOD_URLS=https://debuginfod.ubuntu.com PYTHONPATH=/home/ty/ARS_Project/ars_ws/build/ars_base/prefix_override:/usr/lib/python3/dist-packages/colcon_core/task/python/colcon_distutils_commands:/home/ty/ARS_Project/ars_ws/install/ars_base/lib/python3.12/site-packages:${PYTHONPATH} /usr/bin/python3 -W ignore:setup.py install is deprecated -W ignore:easy_install command is deprecated setup.py develop --editable --build-directory /home/ty/ARS_Project/ars_ws/build/ars_base/build --no-deps symlink_data
[2.435s] Level 1:colcon.colcon_core.shell:create_environment_hook('ars_base', 'pythonpath_develop')
[2.435s] INFO:colcon.colcon_core.shell:Creating environment hook '/home/ty/ARS_Project/ars_ws/build/ars_base/share/ars_base/hook/pythonpath_develop.ps1'
[2.436s] DEBUG:colcon.colcon_core.event_handler.log_command:Invoked command in '/home/ty/ARS_Project/ars_ws/build/ars_base' returned '0': DEBUGINFOD_URLS=https://debuginfod.ubuntu.com PYTHONPATH=/home/ty/ARS_Project/ars_ws/build/ars_base/prefix_override:/usr/lib/python3/dist-packages/colcon_core/task/python/colcon_distutils_commands:/home/ty/ARS_Project/ars_ws/install/ars_base/lib/python3.12/site-packages:${PYTHONPATH} /usr/bin/python3 -W ignore:setup.py install is deprecated -W ignore:easy_install command is deprecated setup.py develop --editable --build-directory /home/ty/ARS_Project/ars_ws/build/ars_base/build --no-deps symlink_data
[2.436s] INFO:colcon.colcon_core.shell:Creating environment descriptor '/home/ty/ARS_Project/ars_ws/build/ars_base/share/ars_base/hook/pythonpath_develop.dsv'
[2.436s] INFO:colcon.colcon_core.shell:Creating environment hook '/home/ty/ARS_Project/ars_ws/build/ars_base/share/ars_base/hook/pythonpath_develop.sh'
[2.441s] Level 1:colcon.colcon_core.environment:checking '/home/ty/ARS_Project/ars_ws/install/ars_base' for CMake module files
[2.441s] Level 1:colcon.colcon_core.environment:checking '/home/ty/ARS_Project/ars_ws/install/ars_base' for CMake config files
[2.442s] Level 1:colcon.colcon_core.environment:checking '/home/ty/ARS_Project/ars_ws/install/ars_base/lib'
[2.442s] Level 1:colcon.colcon_core.environment:checking '/home/ty/ARS_Project/ars_ws/install/ars_base/bin'
[2.442s] Level 1:colcon.colcon_core.environment:checking '/home/ty/ARS_Project/ars_ws/install/ars_base/lib/pkgconfig/ars_base.pc'
[2.442s] Level 1:colcon.colcon_core.environment:checking '/home/ty/ARS_Project/ars_ws/install/ars_base/lib/python3.12/site-packages'
[2.442s] Level 1:colcon.colcon_core.shell:create_environment_hook('ars_base', 'pythonpath')
[2.442s] INFO:colcon.colcon_core.shell:Creating environment hook '/home/ty/ARS_Project/ars_ws/install/ars_base/share/ars_base/hook/pythonpath.ps1'
[2.443s] INFO:colcon.colcon_core.shell:Creating environment descriptor '/home/ty/ARS_Project/ars_ws/install/ars_base/share/ars_base/hook/pythonpath.dsv'
[2.443s] INFO:colcon.colcon_core.shell:Creating environment hook '/home/ty/ARS_Project/ars_ws/install/ars_base/share/ars_base/hook/pythonpath.sh'
[2.444s] Level 1:colcon.colcon_core.environment:checking '/home/ty/ARS_Project/ars_ws/install/ars_base/bin'
[2.444s] Level 1:colcon.colcon_core.environment:create_environment_scripts_only(ars_base)
[2.444s] INFO:colcon.colcon_core.shell:Creating package script '/home/ty/ARS_Project/ars_ws/install/ars_base/share/ars_base/package.ps1'
[2.445s] INFO:colcon.colcon_core.shell:Creating package descriptor '/home/ty/ARS_Project/ars_ws/install/ars_base/share/ars_base/package.dsv'
[2.446s] INFO:colcon.colcon_core.shell:Creating package script '/home/ty/ARS_Project/ars_ws/install/ars_base/share/ars_base/package.sh'
[2.446s] INFO:colcon.colcon_core.shell:Creating package script '/home/ty/ARS_Project/ars_ws/install/ars_base/share/ars_base/package.bash'
[2.447s] INFO:colcon.colcon_core.shell:Creating package script '/home/ty/ARS_Project/ars_ws/install/ars_base/share/ars_base/package.zsh'
[2.448s] Level 1:colcon.colcon_core.environment:create_file_with_runtime_dependencies(/home/ty/ARS_Project/ars_ws/install/ars_base/share/colcon-core/packages/ars_base)
[2.448s] DEBUG:colcon.colcon_parallel_executor.executor.parallel:closing loop
[2.448s] DEBUG:colcon.colcon_parallel_executor.executor.parallel:loop closed
[2.448s] DEBUG:colcon.colcon_parallel_executor.executor.parallel:run_until_complete finished with '0'
[2.448s] DEBUG:colcon.colcon_core.event_reactor:joining thread
[2.454s] INFO:colcon.colcon_core.plugin_system:Skipping extension 'colcon_notification.desktop_notification.terminal_notifier': Not used on non-Darwin systems
[2.454s] INFO:colcon.colcon_core.plugin_system:Skipping extension 'colcon_notification.desktop_notification.win32': Not used on non-Windows systems
[2.454s] INFO:colcon.colcon_notification.desktop_notification:Sending desktop notification using 'notify2'
[2.469s] DEBUG:colcon.colcon_core.event_reactor:joined thread
[2.469s] INFO:colcon.colcon_core.shell:Creating prefix script '/home/ty/ARS_Project/ars_ws/install/local_setup.ps1'
[2.471s] INFO:colcon.colcon_core.shell:Creating prefix util module '/home/ty/ARS_Project/ars_ws/install/_local_setup_util_ps1.py'
[2.473s] INFO:colcon.colcon_core.shell:Creating prefix chain script '/home/ty/ARS_Project/ars_ws/install/setup.ps1'
[2.475s] INFO:colcon.colcon_core.shell:Creating prefix script '/home/ty/ARS_Project/ars_ws/install/local_setup.sh'
[2.476s] INFO:colcon.colcon_core.shell:Creating prefix util module '/home/ty/ARS_Project/ars_ws/install/_local_setup_util_sh.py'
[2.476s] INFO:colcon.colcon_core.shell:Creating prefix chain script '/home/ty/ARS_Project/ars_ws/install/setup.sh'
[2.478s] INFO:colcon.colcon_core.shell:Creating prefix script '/home/ty/ARS_Project/ars_ws/install/local_setup.bash'
[2.479s] INFO:colcon.colcon_core.shell:Creating prefix chain script '/home/ty/ARS_Project/ars_ws/install/setup.bash'
[2.480s] INFO:colcon.colcon_core.shell:Creating prefix script '/home/ty/ARS_Project/ars_ws/install/local_setup.zsh'
[2.480s] INFO:colcon.colcon_core.shell:Creating prefix chain script '/home/ty/ARS_Project/ars_ws/install/setup.zsh'
