running develop
/usr/lib/python3/dist-packages/setuptools/command/easy_install.py:363: UserWarning: Unbuilt egg for pytest-repeat [unknown version] (/usr/lib/python3/dist-packages)
  self.local_index = Environment(self.shadow_path + sys.path)
running egg_info
writing ars_base.egg-info/PKG-INFO
writing dependency_links to ars_base.egg-info/dependency_links.txt
writing entry points to ars_base.egg-info/entry_points.txt
writing requirements to ars_base.egg-info/requires.txt
writing top-level names to ars_base.egg-info/top_level.txt
reading manifest file 'ars_base.egg-info/SOURCES.txt'
writing manifest file 'ars_base.egg-info/SOURCES.txt'
running build_ext
Creating /home/ty/ARS_Project/ars_ws/install/ars_base/lib/python3.12/site-packages/ars-base.egg-link (link to .)
Installing event_logger script to /home/ty/ARS_Project/ars_ws/install/ars_base/lib/ars_base
Installing obstacle_verifier script to /home/ty/ARS_Project/ars_ws/install/ars_base/lib/ars_base
Installing safety_guard script to /home/ty/ARS_Project/ars_ws/install/ars_base/lib/ars_base
Installing serial_bridge script to /home/ty/ARS_Project/ars_ws/install/ars_base/lib/ars_base
Installing teleop_keys script to /home/ty/ARS_Project/ars_ws/install/ars_base/lib/ars_base

Installed /home/ty/ARS_Project/ars_ws/build/ars_base
running symlink_data
